// Jest Snapshot v1, https://goo.gl/fbAQLP

exports[`Teste unit√°rio CreateClientUsecase 1`] = `undefined`;
